// Jest Snapshot v1, https://goo.gl/fbAQLP

exports[`Keycuts without children should be created successfully 1`] = `<div />`;

exports[`Keycuts without children should be created successfully 2`] = `
<div>
  <input />
</div>
`;
